// Jest Snapshot v1, https://goo.gl/fbAQLP

exports[`<Categories /> renders default elements 1`] = `Array []`;
